> Task :app:preBuild UP-TO-DATE
> Task :app:preJaspLatestUniversalDebugBuild UP-TO-DATE
> Task :app:mergeJaspLatestUniversalDebugNativeDebugMetadata NO-SOURCE
> Task :android-file-chooser:preBuild UP-TO-DATE
> Task :android-file-chooser:preDebugBuild UP-TO-DATE
> Task :android-file-chooser:generateDebugResValues UP-TO-DATE
> Task :android-file-chooser:generateDebugResources UP-TO-DATE
> Task :android-file-chooser:packageDebugResources UP-TO-DATE
> Task :android-file-chooser:processDebugNavigationResources UP-TO-DATE
> Task :android-file-chooser:parseDebugLocalResources UP-TO-DATE
> Task :android-file-chooser:generateDebugRFile UP-TO-DATE
> Task :android-file-chooser:javaPreCompileDebug UP-TO-DATE
> Task :android-file-chooser:compileDebugJavaWithJavac UP-TO-DATE
> Task :android-file-chooser:bundleLibCompileToJarDebug UP-TO-DATE
> Task :app:generateJaspLatestUniversalDebugBuildConfig UP-TO-DATE
> Task :android-file-chooser:compileDebugLibraryResources UP-TO-DATE
> Task :android-file-chooser:writeDebugAarMetadata UP-TO-DATE
> Task :doubletapplayerview:preBuild UP-TO-DATE
> Task :doubletapplayerview:preDebugBuild UP-TO-DATE
> Task :doubletapplayerview:writeDebugAarMetadata UP-TO-DATE
> Task :app:checkJaspLatestUniversalDebugAarMetadata UP-TO-DATE
> Task :doubletapplayerview:processDebugNavigationResources UP-TO-DATE
> Task :app:processJaspLatestUniversalDebugNavigationResources
> Task :app:compileJaspLatestUniversalDebugNavigationResources UP-TO-DATE
> Task :app:generateJaspLatestUniversalDebugResValues UP-TO-DATE
> Task :doubletapplayerview:generateDebugResValues UP-TO-DATE
> Task :doubletapplayerview:generateDebugResources UP-TO-DATE
> Task :doubletapplayerview:packageDebugResources UP-TO-DATE
> Task :app:mapJaspLatestUniversalDebugSourceSetPaths
> Task :app:generateJaspLatestUniversalDebugResources
> Task :app:createJaspLatestUniversalDebugCompatibleScreenManifests UP-TO-DATE
> Task :android-file-chooser:extractDeepLinksDebug UP-TO-DATE
> Task :android-file-chooser:processDebugManifest UP-TO-DATE
> Task :app:extractDeepLinksJaspLatestUniversalDebug UP-TO-DATE
> Task :doubletapplayerview:extractDeepLinksDebug UP-TO-DATE
> Task :doubletapplayerview:processDebugManifest UP-TO-DATE
> Task :app:processJaspLatestUniversalDebugMainManifest UP-TO-DATE
> Task :app:processJaspLatestUniversalDebugManifest UP-TO-DATE
> Task :app:processJaspLatestUniversalDebugManifestForPackage UP-TO-DATE
> Task :doubletapplayerview:compileDebugLibraryResources UP-TO-DATE
> Task :app:mergeJaspLatestUniversalDebugResources
> Task :doubletapplayerview:parseDebugLocalResources UP-TO-DATE
> Task :doubletapplayerview:generateDebugRFile UP-TO-DATE
> Task :doubletapplayerview:javaPreCompileDebug UP-TO-DATE
> Task :doubletapplayerview:compileDebugJavaWithJavac NO-SOURCE
> Task :doubletapplayerview:bundleLibCompileToJarDebug UP-TO-DATE
> Task :app:javaPreCompileJaspLatestUniversalDebug UP-TO-DATE
> Task :android-file-chooser:mergeDebugShaders UP-TO-DATE
> Task :android-file-chooser:compileDebugShaders NO-SOURCE
> Task :android-file-chooser:generateDebugAssets UP-TO-DATE
> Task :android-file-chooser:mergeDebugAssets UP-TO-DATE
> Task :app:mergeJaspLatestUniversalDebugShaders UP-TO-DATE
> Task :app:compileJaspLatestUniversalDebugShaders NO-SOURCE
> Task :app:generateJaspLatestUniversalDebugAssets UP-TO-DATE
> Task :doubletapplayerview:mergeDebugShaders UP-TO-DATE
> Task :doubletapplayerview:compileDebugShaders NO-SOURCE
> Task :doubletapplayerview:generateDebugAssets UP-TO-DATE
> Task :doubletapplayerview:mergeDebugAssets UP-TO-DATE
> Task :app:mergeJaspLatestUniversalDebugAssets UP-TO-DATE
> Task :app:compressJaspLatestUniversalDebugAssets UP-TO-DATE
> Task :app:checkJaspLatestUniversalDebugDuplicateClasses UP-TO-DATE
> Task :app:desugarJaspLatestUniversalDebugFileDependencies UP-TO-DATE
> Task :app:mergeExtDexJaspLatestUniversalDebug UP-TO-DATE
> Task :doubletapplayerview:bundleLibRuntimeToJarDebug UP-TO-DATE
> Task :android-file-chooser:bundleLibRuntimeToJarDebug UP-TO-DATE
> Task :android-file-chooser:processDebugJavaRes NO-SOURCE
> Task :doubletapplayerview:processDebugJavaRes NO-SOURCE
> Task :app:mergeLibDexJaspLatestUniversalDebug UP-TO-DATE
> Task :android-file-chooser:mergeDebugJniLibFolders UP-TO-DATE
> Task :android-file-chooser:mergeDebugNativeLibs NO-SOURCE
> Task :android-file-chooser:copyDebugJniLibsProjectOnly UP-TO-DATE
> Task :app:mergeJaspLatestUniversalDebugJniLibFolders UP-TO-DATE
> Task :doubletapplayerview:mergeDebugJniLibFolders UP-TO-DATE
> Task :doubletapplayerview:mergeDebugNativeLibs NO-SOURCE
> Task :doubletapplayerview:copyDebugJniLibsProjectOnly UP-TO-DATE
> Task :app:mergeJaspLatestUniversalDebugNativeLibs UP-TO-DATE
> Task :app:stripJaspLatestUniversalDebugDebugSymbols UP-TO-DATE
> Task :app:validateSigningJaspLatestUniversalDebug UP-TO-DATE
> Task :app:writeJaspLatestUniversalDebugAppMetadata UP-TO-DATE
> Task :app:writeJaspLatestUniversalDebugSigningConfigVersions UP-TO-DATE
> Task :app:processJaspLatestUniversalDebugResources
> Task :app:compileJaspLatestUniversalDebugKotlin UP-TO-DATE
> Task :app:compileJaspLatestUniversalDebugJavaWithJavac UP-TO-DATE
> Task :app:dexBuilderJaspLatestUniversalDebug UP-TO-DATE
> Task :app:mergeJaspLatestUniversalDebugGlobalSynthetics UP-TO-DATE
> Task :app:processJaspLatestUniversalDebugJavaRes UP-TO-DATE
> Task :app:mergeJaspLatestUniversalDebugJavaResource UP-TO-DATE
> Task :app:mergeProjectDexJaspLatestUniversalDebug UP-TO-DATE
> Task :app:packageJaspLatestUniversalDebug
> Task :app:createJaspLatestUniversalDebugApkListingFileRedirect UP-TO-DATE
> Task :app:assembleJaspLatestUniversalDebug

[Incubating] Problems report is available at: file:///E:/Stremio%20RPC%20ATV/Player/build/reports/problems/problems-report.html

Deprecated Gradle features were used in this build, making it incompatible with Gradle 9.0.

You can use '--warning-mode all' to show the individual deprecation warnings and determine if they come from your own scripts or plugins.

For more on this, please refer to https://docs.gradle.org/8.13/userguide/command_line_interface.html#sec:command_line_warnings in the Gradle documentation.

BUILD SUCCESSFUL in 3s
72 actionable tasks: 6 executed, 66 up-to-date
